// Jest Snapshot v1, https://goo.gl/fbAQLP

exports[`renders suite 1`] = `
<div
  className="renderIfVisible "
>
  <div
    className="renderIfVisible-placeholder "
    style={
      Object {
        "height": 300,
      }
    }
  />
</div>
`;
